  [PASS] boot reaches World title -- cb2=082660A8
  [PASS] mode 0, all three backgrounds and prompt enabled
  [PASS] scenery uses 8bpp / char 0 / screen 30 / priority 2
  [PASS] fog uses 4bpp / char 3 / screen 29 / priority 1
  [PASS] logo uses 8bpp / char 0 / screen 31 / priority 0
  [PASS] only fog blends against scenery and backdrop
  [PASS] original fog blend coefficients retained
  [PASS] shared artwork tiles in VRAM -- 53248 bytes match
  [PASS] original fog tiles in VRAM -- 3584 bytes match
  [PASS] fog map in VRAM -- 2048 bytes match
  [PASS] scenery map in VRAM -- 2048 bytes match
  [PASS] transparent logo map in VRAM -- 2048 bytes match
  [PASS] RGB555 palette loaded without legacy color cycling -- 512 bytes match
  [PASS] HBlank wave targets fog scroll only
  [PASS] visible stacked logo has equal side margins within one pixel -- left=43 right=44
  [PASS] visible PRESS START is horizontally centered -- left=75 right=75 pieces=5
  [PASS] logo and PRESS START share the horizontal center within half a pixel
  shot WorldTitle_1_title
  [PASS] fog moves 32 pixels over 128 frames
  shot WorldTitle_2_fog_moved
  [PASS] fog wraps cleanly after 1024 frames
  [PASS] palette remains stable through a full fog cycle -- 512 bytes match
  [PASS] logo stays unchanged through animation -- 2048 bytes match
  [PASS] Start opens main menu
  [PASS] fog DMA and task stop before main menu
  shot WorldTitle_3_main_menu
  [PASS] boot reaches World title -- cb2=082660A8
  [PASS] A opens main menu
  [PASS] boot reaches World title -- cb2=082660A8
  [PASS] locked RTC chord stays on title without triggering quickstart
  [PASS] clear-save chord reaches confirmation
  [PASS] fog DMA stops before clear-save screen
  shot WorldTitle_4_clear_save_confirmation
  [PASS] boot reaches World title -- cb2=082660A8
  [PASS] canceling clear-save returns to a working title
  [PASS] title music completion returns to intro
  [PASS] boot reaches World title -- cb2=082660A8
  [PASS] title reload restores the full palette -- 512 bytes match
  shot WorldTitle_5_title_after_intro_loop
VERDICT WorldTitle: 34/34 PASS
